#
# There is insufficient memory for the Java Runtime Environment to continue.
# Native memory allocation (mmap) failed to map 268435456 bytes. Error detail: G1 virtual space
# Possible reasons:
#   The system is out of physical RAM or swap space
#   This process is running with CompressedOops enabled, and the Java Heap may be blocking the growth of the native heap
# Possible solutions:
#   Reduce memory load on the system
#   Increase physical memory or swap space
#   Check if swap backing store is full
#   Decrease Java heap size (-Xmx/-Xms)
#   Decrease number of Java threads
#   Decrease Java thread stack sizes (-Xss)
#   Set larger code cache with -XX:ReservedCodeCacheSize=
#   JVM is running with Zero Based Compressed Oops mode in which the Java heap is
#     placed in the first 32GB address space. The Java Heap base address is the
#     maximum limit for the native heap growth. Please use -XX:HeapBaseMinAddress
#     to set the Java Heap base and to place the Java Heap above 32GB virtual address.
# This output file may be truncated or incomplete.
#
#  Out of Memory Error (os_windows.cpp:3766), pid=19008, tid=15396
#
# JRE version:  (25.0.2+1) (build )
# Java VM: OpenJDK 64-Bit Server VM (25.0.2+1-b329.72, mixed mode, sharing, tiered, compressed oops, compressed class ptrs, g1 gc, windows-amd64)
# No core dump will be written. Minidumps are not enabled by default on client versions of Windows
#

---------------  S U M M A R Y ------------

Command Line: git4idea.http.GitAskPassApp Username for 'https://gitlab.tu-ilmenau.de': 

Host: AMD Ryzen 7 2700 Eight-Core Processor          , 16 cores, 15G,  Windows 10 , 64 bit Build 19041 (10.0.19041.5915)
Time: Wed May  6 13:21:34 2026 Mitteleuropäische Sommerzeit elapsed time: 0.018992 seconds (0d 0h 0m 0s)

---------------  T H R E A D  ---------------

Current thread (0x000001a5ebccf1e0):  JavaThread "Unknown thread" [_thread_in_vm, id=15396, stack(0x0000003d52500000,0x0000003d52600000) (1024K)]

Stack: [0x0000003d52500000,0x0000003d52600000]
Native frames: (J=compiled Java code, j=interpreted, Vv=VM code, C=native code)
V  [jvm.dll+0x7c0b19]  (no source info available)
V  [jvm.dll+0x78a2ed]  (no source info available)
V  [jvm.dll+0xa0e563]  (no source info available)
V  [jvm.dll+0xa10d5c]  (no source info available)
V  [jvm.dll+0xa11453]  (no source info available)
V  [jvm.dll+0x307b86]  (no source info available)
V  [jvm.dll+0x7bcd25]  (no source info available)
V  [jvm.dll+0x7afce7]  (no source info available)
V  [jvm.dll+0x4015ce]  (no source info available)
V  [jvm.dll+0x4093eb]  (no source info available)
V  [jvm.dll+0x3f5c29]  (no source info available)
V  [jvm.dll+0x3f5edb]  (no source info available)
V  [jvm.dll+0x3cc093]  (no source info available)
V  [jvm.dll+0x3cccfe]  (no source info available)
V  [jvm.dll+0x9d48d7]  (no source info available)
V  [jvm.dll+0x466ce2]  (no source info available)
V  [jvm.dll+0x9b8019]  (no source info available)
V  [jvm.dll+0x508951]  (no source info available)
V  [jvm.dll+0x50a2c1]  (no source info available)
C  [jli.dll+0x541a]  (no source info available)
C  [ucrtbase.dll+0x21bb2]  (no source info available)
C  [KERNEL32.DLL+0x17374]  (no source info available)
C  [ntdll.dll+0x4cc91]  (no source info available)

Lock stack of current Java thread (top to bottom):


---------------  P R O C E S S  ---------------

Threads class SMR info:
_java_thread_list=0x00007ffb12ac9108, length=0, elements={
}

Java Threads: ( => current thread )
Total: 0

Other Threads:
  0x000001a5ebd352c0 WorkerThread "GC Thread#0"                     [id=9244, stack(0x0000003d52600000,0x0000003d52700000) (1024K)]
  0x000001a5ebd4e410 ConcurrentGCThread "G1 Main Marker"            [id=13784, stack(0x0000003d52700000,0x0000003d52800000) (1024K)]
  0x000001a5ebd4ff60 WorkerThread "G1 Conc#0"                       [id=6868, stack(0x0000003d52800000,0x0000003d52900000) (1024K)]

[error occurred during error reporting (printing all threads), id 0xc0000005, EXCEPTION_ACCESS_VIOLATION (0xc0000005) at pc=0x00007ffb120e0cea]
VM state: not at safepoint (not fully initialized)

VM Mutex/Monitor currently owned by a thread:  ([mutex/lock_event])
[0x00007ffb12b51d20] Heap_lock - owner thread: 0x000001a5ebccf1e0

Heap address: 0x0000000700a00000, size: 4086 MB, Compressed Oops mode: Zero based, Oop shift amount: 3

CDS archive(s) mapped at: [0x0000000000000000-0x0000000000000000-0x0000000000000000), size 0, SharedBaseAddress: 0x0000000800000000, ArchiveRelocationMode: 1.
UseCompressedClassPointers 1, UseCompactObjectHeaders 0
Narrow klass pointer bits 32, Max shift 3
Narrow klass base: 0xffffffffffffffff, Narrow klass shift: -1
Encoding Range: [0xffffffffffffffff - 0x000000007fffffff), (2147483648 bytes)
Klass Range:    [0x0000000000000000 - 0x0000000000000000), (0 bytes)
Klass ID Range:  [4294967295 - 0) (1)
No protection zone.

GC Precious Log:
 CardTable entry size: 512
 Card Set container configuration: InlinePtr #cards 4 size 8 Array Of Cards #cards 16 size 48 Howl #buckets 8 coarsen threshold 3686 Howl Bitmap #cards 512 size 80 coarsen threshold 460 Card regions per heap region 1 cards per card region 4096

Heap:
 garbage-first heap   total reserved 4184064K, committed 0K, used 0K [0x0000000700a00000, 0x0000000800000000)
  region size 2048K, 0 young (0K), 0 survivors (0K)

Heap Regions: E=young(eden), S=young(survivor), O=old, HS=humongous(starts), HC=humongous(continues), CS=collection set, F=free, TAMS=top-at-mark-start, PB=parsable bottom

Card table byte_map: [0x000001a580800000,0x000001a581000000] _byte_map_base: 0x000001a57cffb000

Marking Bits: (CMBitMap*) 0x000001a5ebd35a50
 Bits: [0x000001a581000000, 0x000001a584fd8000)

GC Heap Usage History (0 events):
No events

Metaspace Usage History (0 events):
No events

Dll operation events (1 events):
Event: 0.010 Loaded shared library C:\Program Files\JetBrains\PyCharm 2026.1\jbr\bin\java.dll

Deoptimization events (0 events):
No events

Classes loaded (0 events):
No events

Classes unloaded (0 events):
No events

Classes redefined (0 events):
No events

Internal exceptions (0 events):
No events

VM Operations (0 events):
No events

Memory protections (0 events):
No events

Nmethod flushes (0 events):
No events

Events (0 events):
No events


Dynamic libraries:
0x00007ff7e7e90000 - 0x00007ff7e7e9a000 	C:\Program Files\JetBrains\PyCharm 2026.1\jbr\bin\java.exe
0x00007ffb51cb0000 - 0x00007ffb51ea8000 	C:\Windows\SYSTEM32\ntdll.dll
0x00007ffb50a20000 - 0x00007ffb50ae2000 	C:\Windows\System32\KERNEL32.DLL
0x00007ffb4f510000 - 0x00007ffb4f806000 	C:\Windows\System32\KERNELBASE.dll
0x00007ffb4f8b0000 - 0x00007ffb4f9b0000 	C:\Windows\System32\ucrtbase.dll
0x00007ffb40f10000 - 0x00007ffb40f2e000 	C:\Program Files\JetBrains\PyCharm 2026.1\jbr\bin\VCRUNTIME140.dll
0x00007ffb40f30000 - 0x00007ffb40f47000 	C:\Program Files\JetBrains\PyCharm 2026.1\jbr\bin\jli.dll
0x00007ffb515f0000 - 0x00007ffb51791000 	C:\Windows\System32\USER32.dll
0x00007ffb3b050000 - 0x00007ffb3b2eb000 	C:\Windows\WinSxS\amd64_microsoft.windows.common-controls_6595b64144ccf1df_6.0.19041.6456_none_60b8a6cb71f64256\COMCTL32.dll
0x00007ffb4fa60000 - 0x00007ffb4fa82000 	C:\Windows\System32\win32u.dll
0x00007ffb51410000 - 0x00007ffb5143b000 	C:\Windows\System32\GDI32.dll
0x00007ffb50cd0000 - 0x00007ffb50d6e000 	C:\Windows\System32\msvcrt.dll
0x00007ffb4f340000 - 0x00007ffb4f459000 	C:\Windows\System32\gdi32full.dll
0x00007ffb4f810000 - 0x00007ffb4f8ad000 	C:\Windows\System32\msvcp_win.dll
0x00007ffb51c40000 - 0x00007ffb51c6f000 	C:\Windows\System32\IMM32.DLL
0x00007ffb47230000 - 0x00007ffb4723c000 	C:\Program Files\JetBrains\PyCharm 2026.1\jbr\bin\vcruntime140_1.dll
0x00007ffb32340000 - 0x00007ffb323c9000 	C:\Program Files\JetBrains\PyCharm 2026.1\jbr\bin\msvcp140.dll
0x00007ffb11d00000 - 0x00007ffb12c52000 	C:\Program Files\JetBrains\PyCharm 2026.1\jbr\bin\server\jvm.dll
0x00007ffb517a0000 - 0x00007ffb51851000 	C:\Windows\System32\ADVAPI32.dll
0x00007ffb50980000 - 0x00007ffb50a1f000 	C:\Windows\System32\sechost.dll
0x00007ffb51980000 - 0x00007ffb51aa0000 	C:\Windows\System32\RPCRT4.dll
0x00007ffb4f4e0000 - 0x00007ffb4f507000 	C:\Windows\System32\bcrypt.dll
0x00007ffb50e00000 - 0x00007ffb50e6b000 	C:\Windows\System32\WS2_32.dll
0x00007ffb4e8d0000 - 0x00007ffb4e91b000 	C:\Windows\SYSTEM32\POWRPROF.dll
0x00007ffb459f0000 - 0x00007ffb45a17000 	C:\Windows\SYSTEM32\WINMM.dll
0x00007ffb49440000 - 0x00007ffb4944a000 	C:\Windows\SYSTEM32\VERSION.dll
0x00007ffb4e740000 - 0x00007ffb4e752000 	C:\Windows\SYSTEM32\UMPDC.dll
0x00007ffb4d1d0000 - 0x00007ffb4d1e2000 	C:\Windows\SYSTEM32\kernel.appcore.dll
0x00007ffb47130000 - 0x00007ffb4713a000 	C:\Program Files\JetBrains\PyCharm 2026.1\jbr\bin\jimage.dll
0x00007ffb44f80000 - 0x00007ffb45181000 	C:\Windows\SYSTEM32\DBGHELP.DLL
0x00007ffb35fc0000 - 0x00007ffb35ff4000 	C:\Windows\SYSTEM32\dbgcore.DLL
0x00007ffb4fa90000 - 0x00007ffb4fb12000 	C:\Windows\System32\bcryptPrimitives.dll
0x00007ffb40ef0000 - 0x00007ffb40f0f000 	C:\Program Files\JetBrains\PyCharm 2026.1\jbr\bin\java.dll
0x00007ffb50af0000 - 0x00007ffb50c1b000 	C:\Windows\System32\ole32.dll
0x00007ffb50e70000 - 0x00007ffb511c4000 	C:\Windows\System32\combase.dll
0x00007ffb4fd30000 - 0x00007ffb504a0000 	C:\Windows\System32\SHELL32.dll

JVMTI agents: none

dbghelp: loaded successfully - version: 4.0.5 - missing functions: none
symbol engine: initialized successfully - sym options: 0x614 - pdb path: .;C:\Program Files\JetBrains\PyCharm 2026.1\jbr\bin;C:\Windows\SYSTEM32;C:\Windows\WinSxS\amd64_microsoft.windows.common-controls_6595b64144ccf1df_6.0.19041.6456_none_60b8a6cb71f64256;C:\Program Files\JetBrains\PyCharm 2026.1\jbr\bin\server

VM Arguments:
java_command: git4idea.http.GitAskPassApp Username for 'https://gitlab.tu-ilmenau.de': 
java_class_path (initial): C:/Program Files/JetBrains/PyCharm 2026.1/plugins/vcs-git/lib/git4idea-rt.jar;C:/Program Files/JetBrains/PyCharm 2026.1/lib/externalProcess-rt.jar
Launcher Type: SUN_STANDARD

[Global flags]
     intx CICompilerCount                          = 12                                        {product} {ergonomic}
     uint ConcGCThreads                            = 3                                         {product} {ergonomic}
     uint G1ConcRefinementThreads                  = 13                                        {product} {ergonomic}
   size_t G1HeapRegionSize                         = 2097152                                   {product} {ergonomic}
   size_t InitialHeapSize                          = 268435456                                 {product} {ergonomic}
   size_t MarkStackSize                            = 4194304                                   {product} {ergonomic}
   size_t MarkStackSizeMax                         = 536870912                                 {product} {ergonomic}
   size_t MaxHeapSize                              = 4284481536                                {product} {ergonomic}
   size_t MinHeapDeltaBytes                        = 2097152                                   {product} {ergonomic}
   size_t MinHeapSize                              = 8388608                                   {product} {ergonomic}
    uintx NonNMethodCodeHeapSize                   = 7602176                                {pd product} {ergonomic}
    uintx NonProfiledCodeHeapSize                  = 122093568                              {pd product} {ergonomic}
    uintx ProfiledCodeHeapSize                     = 121962496                              {pd product} {ergonomic}
    uintx ReservedCodeCacheSize                    = 251658240                              {pd product} {ergonomic}
     bool SegmentedCodeCache                       = true                                      {product} {ergonomic}
   size_t SoftMaxHeapSize                          = 4284481536                             {manageable} {ergonomic}
     bool UseCompressedOops                        = true                           {product lp64_product} {ergonomic}
     bool UseG1GC                                  = true                                      {product} {ergonomic}
     bool UseLargePagesIndividualAllocation        = false                                  {pd product} {ergonomic}

Logging:
Log output configuration:
 #0: stdout all=warning uptime,level,tags foldmultilines=false
 #1: stderr all=off uptime,level,tags foldmultilines=false

Release file:
<release file has not been read>
Environment Variables:
PATH=C:/Program Files/Git/mingw64/libexec/git-core;C:/Program Files/Git/mingw64/libexec/git-core;C:\Program Files\Git\mingw64\bin;C:\Program Files\Git\usr\bin;C:\Users\User\bin;C:\Users\User\miniconda3;C:\Users\User\miniconda3\Library\mingw-w64\bin;C:\Users\User\miniconda3\Library\usr\bin;C:\Users\User\miniconda3\Library\bin;C:\Users\User\miniconda3\Scripts;C:\Users\User\miniconda3\bin;C:\Users\User\miniconda3\condabin;D:\ffmpeg-2025-03-27-git-114fccc4a5-full_build\bin;C:\Program Files\NVIDIA GPU Computing Toolkit\CUDA\v11.7\bin;C:\Program Files\NVIDIA GPU Computing Toolkit\CUDA\v11.7\libnvvp;C:\Windows\system32;C:\Windows;C:\Windows\System32\Wbem;C:\Windows\System32\WindowsPowerShell\v1.0;C:\Windows\System32\OpenSSH;C:\Program Files (x86)\NVIDIA Corporation\PhysX\Common;C:\Program Files\NVIDIA Corporation\NVIDIA NvDLISR;C:\Program Files\Git\cmd;C:\Program Files\NVIDIA Corporation\Nsight Compute 2022.2.0;C:\ProgramData\chocolatey\bin;C:\Program Files\MATLAB\R2023a\bin;C:\Program Files\dotnet;C:\Users\User\AppData\Local\Programs\Python\Python39\Scripts;C:\JoSIM;C:\Users\User\AppData\Local\Microsoft\WindowsApps;C:\Program Files\JetBrains\PyCharm Community Edition 2021.2.1\bin;C:\Users\User\AppData\Local\Programs\Microsoft VS Code\bin;C:\Users\User\AppData\Local\Programs\MiKTeX\miktex\bin\x64;C:\Users\User\AppData\Local\Programs\Julia-1.7.1\bin;C:\josim;c:\nrn\bin;c:\nrn\mingw\usr\bin;C:\Users\User\AppData\Local\Muse Hub;C:\Windows\system32\config\systemprofile\AppData\Local\Muse Hub\lib;C:\Users\User\AppData\Local\Microsoft\WindowsApps;C:\Program Files\JetBrains\PyCharm Community Edition 2021.2.1\bin;.;C:\Users\User\AppData\Local\Programs\Microsoft VS Code\bin;C:\Users\User\AppData\Local\Programs\MiKTeX\miktex\bin\x64;C:\Users\User\AppData\Local\Programs\Julia-1.7.1\bin;C:\josim;c:\nrn\bin;c:\nrn\mingw\usr\bin;C:\Users\User\AppData\Local\Muse Hub\lib;C:\Users\User\AppData\Local\Programs\Julia-1.11.3\bin;C:\Program Files\JetBrains\PyCharm 2026.1\bin
USERNAME=User
DISPLAY=:0.0
LC_ALL=en_US.UTF-8
TERM=cygwin
TMPDIR=C:\Users\User\AppData\Local\Temp
OS=Windows_NT
PROCESSOR_IDENTIFIER=AMD64 Family 23 Model 8 Stepping 2, AuthenticAMD
TMP=C:\Users\User\AppData\Local\Temp
TEMP=C:\Users\User\AppData\Local\Temp




Compilation memory statistics disabled.

Periodic native trim disabled

JNI global refs:
JNI global refs: 0, weak refs: 0

JNI global refs memory usage: 0, weak refs: 0

Process memory usage:
Resident Set Size: 13008K (0% of 16730032K total physical memory with 4000600K free physical memory)

OOME stack traces (most recent first):
Classloader memory used:

---------------  S Y S T E M  ---------------

OS:
 Windows 10 , 64 bit Build 19041 (10.0.19041.5915)
OS uptime: 1 days 4:58 hours

CPU: total 16 (initial active 16) (16 cores per cpu, 2 threads per core) family 23 model 8 stepping 2 microcode 0x0, cx8, cmov, fxsr, ht, mmx, 3dnowpref, sse, sse2, sse3, ssse3, sse4a, sse4.1, sse4.2, popcnt, lzcnt, tsc, tscinvbit, avx, avx2, aes, clmul, bmi1, bmi2, adx, sha, fma, vzeroupper, clflush, clflushopt, rdtscp, f16c
Processor Information for the first 16 processors :
  Max Mhz: 3200, Current Mhz: 3200, Mhz Limit: 3200

Memory: 4k page, system-wide physical 16337M (3906M free)
TotalPageFile size 22439M (AvailPageFile size 210M)
current process WorkingSet (physical memory assigned to process): 12M, peak: 12M
current process commit charge ("private bytes"): 71M, peak: 327M

vm_info: OpenJDK 64-Bit Server VM (25.0.2+1-b329.72) for windows-amd64 JRE (25.0.2+1-b329.72), built on 2026-03-02 with MS VC++ 17.14 (VS2022)

END.
